2025-11-06 11:05:32,332 - __main__ - INFO - ======================================================================
2025-11-06 11:05:32,333 - __main__ - INFO - WALLET ANALYZER - Starting
2025-11-06 11:05:32,333 - __main__ - INFO - ======================================================================
2025-11-06 11:05:32,333 - __main__ - INFO - Loaded 17 wallets from discovered_wallets.csv
2025-11-06 11:05:32,334 - wallet_discovery - INFO - Loaded config from config/api_keys.json
2025-11-06 11:05:32,334 - __main__ - INFO - API clients initialized
2025-11-06 11:05:32,334 - __main__ - INFO - 
============================================================
2025-11-06 11:05:32,334 - __main__ - INFO - Analyzing 0x28c6c062... on ethereum
2025-11-06 11:05:32,334 - __main__ - INFO - ============================================================
2025-11-06 11:05:32,334 - __main__ - DEBUG - Fetching transactions for 0x28c6c062... (90 days)
2025-11-06 11:05:32,339 - urllib3.connectionpool - DEBUG - Starting new HTTPS connection (1): api.etherscan.io:443
2025-11-06 11:05:34,244 - urllib3.connectionpool - DEBUG - https://api.etherscan.io:443 "GET /v2/api?module=account&action=txlist&address=0x28c6c06298d514db089934071355e5743bf21d60&startblock=0&endblock=99999999&sort=desc&apikey=UCS2VM99HUSPWTXIITTBSH4BJ4844SXMIH&chainid=1 HTTP/1.1" 200 None
2025-11-06 11:05:37,033 - urllib3.connectionpool - DEBUG - Starting new HTTPS connection (1): api.etherscan.io:443
2025-11-06 11:05:37,162 - urllib3.connectionpool - DEBUG - https://api.etherscan.io:443 "GET /v2/api?module=stats&action=ethprice&apikey=UCS2VM99HUSPWTXIITTBSH4BJ4844SXMIH&chainid=1 HTTP/1.1" 200 240
2025-11-06 11:05:37,163 - wallet_discovery - INFO - Current ETH price: $3385.53
2025-11-06 11:05:37,184 - __main__ - DEBUG - Parsed 2821 trades for 0x28c6c062...
2025-11-06 11:05:37,192 - __main__ - DEBUG - Filtered 2821 trades → 2821 tradeable (100.0% kept)
2025-11-06 11:05:37,193 - __main__ - DEBUG - Grouped 2821 trades into 1 tokens
2025-11-06 11:05:37,196 - __main__ - DEBUG - Token ETH: 2553 closed trades
2025-11-06 11:05:37,196 - __main__ - INFO - Total closed trades across all tokens: 2553
2025-11-06 11:05:37,208 - __main__ - INFO - 0x28c6c062...: 2553 trades, 0.0% win rate, Sharpe -1.00
2025-11-06 11:05:37,212 - __main__ - INFO - 
============================================================
2025-11-06 11:05:37,212 - __main__ - INFO - Analyzing 0x56eddb7a... on ethereum
2025-11-06 11:05:37,212 - __main__ - INFO - ============================================================
2025-11-06 11:05:37,212 - __main__ - DEBUG - Fetching transactions for 0x56eddb7a... (90 days)
2025-11-06 11:05:37,214 - urllib3.connectionpool - DEBUG - Starting new HTTPS connection (1): api.etherscan.io:443
2025-11-06 11:05:38,819 - urllib3.connectionpool - DEBUG - https://api.etherscan.io:443 "GET /v2/api?module=account&action=txlist&address=0x56eddb7aa87536c09ccc2793473599fd21a8b17f&startblock=0&endblock=99999999&sort=desc&apikey=UCS2VM99HUSPWTXIITTBSH4BJ4844SXMIH&chainid=1 HTTP/1.1" 200 None
2025-11-06 11:05:40,817 - __main__ - DEBUG - Parsed 4524 trades for 0x56eddb7a...
2025-11-06 11:05:40,826 - __main__ - DEBUG - Filtered 4524 trades → 4524 tradeable (100.0% kept)
2025-11-06 11:05:40,827 - __main__ - DEBUG - Grouped 4524 trades into 1 tokens
2025-11-06 11:05:40,835 - __main__ - DEBUG - Token ETH: 3855 closed trades
2025-11-06 11:05:40,835 - __main__ - INFO - Total closed trades across all tokens: 3855
2025-11-06 11:05:40,841 - __main__ - INFO - 0x56eddb7a...: 3855 trades, 0.0% win rate, Sharpe -1.21
2025-11-06 11:05:40,844 - __main__ - INFO - 
============================================================
2025-11-06 11:05:40,844 - __main__ - INFO - Analyzing 0x21a31ee1... on ethereum
2025-11-06 11:05:40,844 - __main__ - INFO - ============================================================
2025-11-06 11:05:40,845 - __main__ - DEBUG - Fetching transactions for 0x21a31ee1... (90 days)
2025-11-06 11:05:40,847 - urllib3.connectionpool - DEBUG - Starting new HTTPS connection (1): api.etherscan.io:443
2025-11-06 11:05:42,405 - urllib3.connectionpool - DEBUG - https://api.etherscan.io:443 "GET /v2/api?module=account&action=txlist&address=0x21a31ee1afc51d94c2efccaa2092ad1028285549&startblock=0&endblock=99999999&sort=desc&apikey=UCS2VM99HUSPWTXIITTBSH4BJ4844SXMIH&chainid=1 HTTP/1.1" 200 None
2025-11-06 11:05:45,016 - __main__ - DEBUG - Parsed 3296 trades for 0x21a31ee1...
2025-11-06 11:05:45,024 - __main__ - DEBUG - Filtered 3296 trades → 3296 tradeable (100.0% kept)
2025-11-06 11:05:45,024 - __main__ - DEBUG - Grouped 3296 trades into 1 tokens
2025-11-06 11:05:45,031 - __main__ - DEBUG - Token ETH: 2831 closed trades
2025-11-06 11:05:45,031 - __main__ - INFO - Total closed trades across all tokens: 2831
2025-11-06 11:05:45,034 - __main__ - INFO - 0x21a31ee1...: 2831 trades, 0.0% win rate, Sharpe -1.36
2025-11-06 11:05:45,038 - __main__ - INFO - 
============================================================
2025-11-06 11:05:45,038 - __main__ - INFO - Analyzing 0x9696f59e... on ethereum
2025-11-06 11:05:45,038 - __main__ - INFO - ============================================================
2025-11-06 11:05:45,038 - __main__ - DEBUG - Fetching transactions for 0x9696f59e... (90 days)
2025-11-06 11:05:45,040 - urllib3.connectionpool - DEBUG - Starting new HTTPS connection (1): api.etherscan.io:443
2025-11-06 11:05:46,931 - urllib3.connectionpool - DEBUG - https://api.etherscan.io:443 "GET /v2/api?module=account&action=txlist&address=0x9696f59e4d72e237be84ffd425dcad154bf96976&startblock=0&endblock=99999999&sort=desc&apikey=UCS2VM99HUSPWTXIITTBSH4BJ4844SXMIH&chainid=1 HTTP/1.1" 200 None
2025-11-06 11:05:49,331 - __main__ - DEBUG - Parsed 4949 trades for 0x9696f59e...
2025-11-06 11:05:49,342 - __main__ - DEBUG - Filtered 4949 trades → 4949 tradeable (100.0% kept)
2025-11-06 11:05:49,343 - __main__ - DEBUG - Grouped 4949 trades into 1 tokens
2025-11-06 11:05:49,348 - __main__ - DEBUG - Token ETH: 3654 closed trades
2025-11-06 11:05:49,348 - __main__ - INFO - Total closed trades across all tokens: 3654
2025-11-06 11:05:49,353 - __main__ - INFO - 0x9696f59e...: 3654 trades, 0.0% win rate, Sharpe -1.51
2025-11-06 11:05:49,356 - __main__ - INFO - 
============================================================
2025-11-06 11:05:49,356 - __main__ - INFO - Analyzing 0xdfd5293d... on ethereum
2025-11-06 11:05:49,356 - __main__ - INFO - ============================================================
2025-11-06 11:05:49,356 - __main__ - DEBUG - Fetching transactions for 0xdfd5293d... (90 days)
2025-11-06 11:05:49,359 - urllib3.connectionpool - DEBUG - Starting new HTTPS connection (1): api.etherscan.io:443
2025-11-06 11:05:51,259 - urllib3.connectionpool - DEBUG - https://api.etherscan.io:443 "GET /v2/api?module=account&action=txlist&address=0xdfd5293d8e347dfe59e90efd55b2956a1343963d&startblock=0&endblock=99999999&sort=desc&apikey=UCS2VM99HUSPWTXIITTBSH4BJ4844SXMIH&chainid=1 HTTP/1.1" 200 None
2025-11-06 11:05:53,420 - __main__ - DEBUG - Parsed 3185 trades for 0xdfd5293d...
2025-11-06 11:05:53,427 - __main__ - DEBUG - Filtered 3185 trades → 3185 tradeable (100.0% kept)
2025-11-06 11:05:53,428 - __main__ - DEBUG - Grouped 3185 trades into 1 tokens
2025-11-06 11:05:53,431 - __main__ - DEBUG - Token ETH: 2046 closed trades
2025-11-06 11:05:53,431 - __main__ - INFO - Total closed trades across all tokens: 2046
2025-11-06 11:05:53,433 - __main__ - INFO - 0xdfd5293d...: 2046 trades, 0.0% win rate, Sharpe -1.69
2025-11-06 11:05:53,435 - __main__ - INFO - 
============================================================
2025-11-06 11:05:53,435 - __main__ - INFO - Analyzing 0x0d070796... on ethereum
2025-11-06 11:05:53,435 - __main__ - INFO - ============================================================
2025-11-06 11:05:53,436 - __main__ - DEBUG - Fetching transactions for 0x0d070796... (90 days)
2025-11-06 11:05:53,438 - urllib3.connectionpool - DEBUG - Starting new HTTPS connection (1): api.etherscan.io:443
2025-11-06 11:05:55,274 - urllib3.connectionpool - DEBUG - https://api.etherscan.io:443 "GET /v2/api?module=account&action=txlist&address=0x0d0707963952f2fba59dd06f2b425ace40b492fe&startblock=0&endblock=99999999&sort=desc&apikey=UCS2VM99HUSPWTXIITTBSH4BJ4844SXMIH&chainid=1 HTTP/1.1" 200 None
2025-11-06 11:05:57,759 - __main__ - DEBUG - Parsed 1527 trades for 0x0d070796...
2025-11-06 11:05:57,765 - __main__ - DEBUG - Filtered 1527 trades → 1527 tradeable (100.0% kept)
2025-11-06 11:05:57,765 - __main__ - DEBUG - Grouped 1527 trades into 1 tokens
2025-11-06 11:05:57,767 - __main__ - DEBUG - Token ETH: 1469 closed trades
2025-11-06 11:05:57,767 - __main__ - INFO - Total closed trades across all tokens: 1469
2025-11-06 11:05:57,769 - __main__ - INFO - 0x0d070796...: 1469 trades, 0.0% win rate, Sharpe -0.79
2025-11-06 11:05:57,771 - __main__ - INFO - 
============================================================
2025-11-06 11:05:57,771 - __main__ - INFO - Analyzing 0x46340b20... on ethereum
2025-11-06 11:05:57,771 - __main__ - INFO - ============================================================
2025-11-06 11:05:57,771 - __main__ - DEBUG - Fetching transactions for 0x46340b20... (90 days)
2025-11-06 11:05:57,773 - urllib3.connectionpool - DEBUG - Starting new HTTPS connection (1): api.etherscan.io:443
2025-11-06 11:05:59,820 - urllib3.connectionpool - DEBUG - https://api.etherscan.io:443 "GET /v2/api?module=account&action=txlist&address=0x46340b20830761efd32832a74d7169b29feb9758&startblock=0&endblock=99999999&sort=desc&apikey=UCS2VM99HUSPWTXIITTBSH4BJ4844SXMIH&chainid=1 HTTP/1.1" 200 None
2025-11-06 11:06:02,070 - __main__ - DEBUG - Parsed 4235 trades for 0x46340b20...
2025-11-06 11:06:02,078 - __main__ - DEBUG - Filtered 4235 trades → 4235 tradeable (100.0% kept)
2025-11-06 11:06:02,079 - __main__ - DEBUG - Grouped 4235 trades into 1 tokens
2025-11-06 11:06:02,085 - __main__ - DEBUG - Token ETH: 3717 closed trades
2025-11-06 11:06:02,085 - __main__ - INFO - Total closed trades across all tokens: 3717
2025-11-06 11:06:02,089 - __main__ - INFO - 0x46340b20...: 3717 trades, 0.0% win rate, Sharpe -1.51
2025-11-06 11:06:02,091 - __main__ - INFO - 
============================================================
2025-11-06 11:06:02,091 - __main__ - INFO - Analyzing 0x9642b23e... on ethereum
2025-11-06 11:06:02,091 - __main__ - INFO - ============================================================
2025-11-06 11:06:02,091 - __main__ - DEBUG - Fetching transactions for 0x9642b23e... (90 days)
2025-11-06 11:06:02,093 - urllib3.connectionpool - DEBUG - Starting new HTTPS connection (1): api.etherscan.io:443
2025-11-06 11:06:03,305 - urllib3.connectionpool - DEBUG - https://api.etherscan.io:443 "GET /v2/api?module=account&action=txlist&address=0x9642b23ed1e01df1092b92641051881a322f5d4e&startblock=0&endblock=99999999&sort=desc&apikey=UCS2VM99HUSPWTXIITTBSH4BJ4844SXMIH&chainid=1 HTTP/1.1" 200 None
2025-11-06 11:06:05,556 - __main__ - DEBUG - Parsed 3585 trades for 0x9642b23e...
2025-11-06 11:06:05,565 - __main__ - DEBUG - Filtered 3585 trades → 3585 tradeable (100.0% kept)
2025-11-06 11:06:05,566 - __main__ - DEBUG - Grouped 3585 trades into 1 tokens
2025-11-06 11:06:05,571 - __main__ - DEBUG - Token ETH: 3490 closed trades
2025-11-06 11:06:05,571 - __main__ - INFO - Total closed trades across all tokens: 3490
2025-11-06 11:06:05,577 - __main__ - INFO - 0x9642b23e...: 3490 trades, 0.0% win rate, Sharpe -1.19
2025-11-06 11:06:05,579 - __main__ - INFO - 
============================================================
2025-11-06 11:06:05,579 - __main__ - INFO - Analyzing 0x1ab4973a... on ethereum
2025-11-06 11:06:05,579 - __main__ - INFO - ============================================================
2025-11-06 11:06:05,580 - __main__ - DEBUG - Fetching transactions for 0x1ab4973a... (90 days)
2025-11-06 11:06:05,581 - urllib3.connectionpool - DEBUG - Starting new HTTPS connection (1): api.etherscan.io:443
2025-11-06 11:06:08,701 - urllib3.connectionpool - DEBUG - https://api.etherscan.io:443 "GET /v2/api?module=account&action=txlist&address=0x1ab4973a48dc892cd9971ece8e01dcc7688f8f23&startblock=0&endblock=99999999&sort=desc&apikey=UCS2VM99HUSPWTXIITTBSH4BJ4844SXMIH&chainid=1 HTTP/1.1" 200 None
2025-11-06 11:06:10,938 - __main__ - DEBUG - Parsed 4839 trades for 0x1ab4973a...
2025-11-06 11:06:10,946 - __main__ - DEBUG - Filtered 4839 trades → 4839 tradeable (100.0% kept)
2025-11-06 11:06:10,947 - __main__ - DEBUG - Grouped 4839 trades into 1 tokens
2025-11-06 11:06:10,953 - __main__ - DEBUG - Token ETH: 4055 closed trades
2025-11-06 11:06:10,953 - __main__ - INFO - Total closed trades across all tokens: 4055
2025-11-06 11:06:10,959 - __main__ - INFO - 0x1ab4973a...: 4055 trades, 0.0% win rate, Sharpe -0.45
2025-11-06 11:06:10,961 - __main__ - INFO - 
============================================================
2025-11-06 11:06:10,962 - __main__ - INFO - Analyzing 0x974caa59... on ethereum
2025-11-06 11:06:10,962 - __main__ - INFO - ============================================================
2025-11-06 11:06:10,962 - __main__ - DEBUG - Fetching transactions for 0x974caa59... (90 days)
2025-11-06 11:06:10,964 - urllib3.connectionpool - DEBUG - Starting new HTTPS connection (1): api.etherscan.io:443
2025-11-06 11:06:13,069 - urllib3.connectionpool - DEBUG - https://api.etherscan.io:443 "GET /v2/api?module=account&action=txlist&address=0x974caa59e49682cda0ad2bbe82983419a2ecc400&startblock=0&endblock=99999999&sort=desc&apikey=UCS2VM99HUSPWTXIITTBSH4BJ4844SXMIH&chainid=1 HTTP/1.1" 200 None
2025-11-06 11:06:14,532 - __main__ - DEBUG - Parsed 9072 trades for 0x974caa59...
2025-11-06 11:06:14,547 - __main__ - DEBUG - Filtered 9072 trades → 9072 tradeable (100.0% kept)
2025-11-06 11:06:14,549 - __main__ - DEBUG - Grouped 9072 trades into 1 tokens
2025-11-06 11:06:14,561 - __main__ - DEBUG - Token ETH: 8945 closed trades
2025-11-06 11:06:14,561 - __main__ - INFO - Total closed trades across all tokens: 8945
2025-11-06 11:06:14,571 - __main__ - INFO - 0x974caa59...: 8945 trades, 0.0% win rate, Sharpe -0.44
2025-11-06 11:06:14,574 - __main__ - INFO - 
============================================================
2025-11-06 11:06:14,574 - __main__ - INFO - Analyzing 0xf70da978... on ethereum
2025-11-06 11:06:14,574 - __main__ - INFO - ============================================================
2025-11-06 11:06:14,575 - __main__ - DEBUG - Fetching transactions for 0xf70da978... (90 days)
2025-11-06 11:06:14,577 - urllib3.connectionpool - DEBUG - Starting new HTTPS connection (1): api.etherscan.io:443
2025-11-06 11:06:15,950 - urllib3.connectionpool - DEBUG - https://api.etherscan.io:443 "GET /v2/api?module=account&action=txlist&address=0xf70da97812cb96acdf810712aa562db8dfa3dbef&startblock=0&endblock=99999999&sort=desc&apikey=UCS2VM99HUSPWTXIITTBSH4BJ4844SXMIH&chainid=1 HTTP/1.1" 200 None
2025-11-06 11:06:20,891 - __main__ - DEBUG - Parsed 6083 trades for 0xf70da978...
2025-11-06 11:06:20,902 - __main__ - DEBUG - Filtered 6083 trades → 6083 tradeable (100.0% kept)
2025-11-06 11:06:20,903 - __main__ - DEBUG - Grouped 6083 trades into 1 tokens
2025-11-06 11:06:20,905 - __main__ - DEBUG - Token ETH: 20 closed trades
2025-11-06 11:06:20,905 - __main__ - INFO - Total closed trades across all tokens: 20
2025-11-06 11:06:20,905 - __main__ - INFO - 0xf70da978...: 20 trades, 0.0% win rate, Sharpe -0.51
2025-11-06 11:06:20,907 - __main__ - INFO - 
============================================================
2025-11-06 11:06:20,907 - __main__ - INFO - Analyzing 0x264bd829... on ethereum
2025-11-06 11:06:20,907 - __main__ - INFO - ============================================================
2025-11-06 11:06:20,907 - __main__ - DEBUG - Fetching transactions for 0x264bd829... (90 days)
2025-11-06 11:06:20,910 - urllib3.connectionpool - DEBUG - Starting new HTTPS connection (1): api.etherscan.io:443
2025-11-06 11:06:22,393 - urllib3.connectionpool - DEBUG - https://api.etherscan.io:443 "GET /v2/api?module=account&action=txlist&address=0x264bd8291fae1d75db2c5f573b07faa6715997b5&startblock=0&endblock=99999999&sort=desc&apikey=UCS2VM99HUSPWTXIITTBSH4BJ4844SXMIH&chainid=1 HTTP/1.1" 200 None
2025-11-06 11:06:24,813 - __main__ - DEBUG - Parsed 6672 trades for 0x264bd829...
2025-11-06 11:06:24,825 - __main__ - DEBUG - Filtered 6672 trades → 6672 tradeable (100.0% kept)
2025-11-06 11:06:24,826 - __main__ - DEBUG - Grouped 6672 trades into 1 tokens
2025-11-06 11:06:24,835 - __main__ - DEBUG - Token ETH: 6421 closed trades
2025-11-06 11:06:24,835 - __main__ - INFO - Total closed trades across all tokens: 6421
2025-11-06 11:06:24,842 - __main__ - INFO - 0x264bd829...: 6421 trades, 0.0% win rate, Sharpe -1.80
2025-11-06 11:06:24,844 - __main__ - INFO - 
============================================================
2025-11-06 11:06:24,844 - __main__ - INFO - Analyzing 0x5babe600... on ethereum
2025-11-06 11:06:24,844 - __main__ - INFO - ============================================================
2025-11-06 11:06:24,844 - __main__ - DEBUG - Fetching transactions for 0x5babe600... (90 days)
2025-11-06 11:06:24,846 - urllib3.connectionpool - DEBUG - Starting new HTTPS connection (1): api.etherscan.io:443
2025-11-06 11:06:25,979 - urllib3.connectionpool - DEBUG - https://api.etherscan.io:443 "GET /v2/api?module=account&action=txlist&address=0x5babe600b9fcd5fb7b66c0611bf4896d967b23a1&startblock=0&endblock=99999999&sort=desc&apikey=UCS2VM99HUSPWTXIITTBSH4BJ4844SXMIH&chainid=1 HTTP/1.1" 200 None
2025-11-06 11:06:28,208 - __main__ - DEBUG - Parsed 7520 trades for 0x5babe600...
2025-11-06 11:06:28,225 - __main__ - DEBUG - Filtered 7520 trades → 7520 tradeable (100.0% kept)
2025-11-06 11:06:28,226 - __main__ - DEBUG - Grouped 7520 trades into 1 tokens
2025-11-06 11:06:28,236 - __main__ - DEBUG - Token ETH: 4222 closed trades
2025-11-06 11:06:28,236 - __main__ - INFO - Total closed trades across all tokens: 4222
2025-11-06 11:06:28,242 - __main__ - INFO - 0x5babe600...: 4222 trades, 0.0% win rate, Sharpe -1.26
2025-11-06 11:06:28,245 - __main__ - INFO - 
============================================================
2025-11-06 11:06:28,245 - __main__ - INFO - Analyzing 0xdadb0d80... on ethereum
2025-11-06 11:06:28,245 - __main__ - INFO - ============================================================
2025-11-06 11:06:28,245 - __main__ - DEBUG - Fetching transactions for 0xdadb0d80... (90 days)
2025-11-06 11:06:28,247 - urllib3.connectionpool - DEBUG - Starting new HTTPS connection (1): api.etherscan.io:443
2025-11-06 11:06:29,616 - urllib3.connectionpool - DEBUG - https://api.etherscan.io:443 "GET /v2/api?module=account&action=txlist&address=0xdadb0d80178819f2319190d340ce9a924f783711&startblock=0&endblock=99999999&sort=desc&apikey=UCS2VM99HUSPWTXIITTBSH4BJ4844SXMIH&chainid=1 HTTP/1.1" 200 None
2025-11-06 11:06:31,735 - __main__ - DEBUG - Parsed 6368 trades for 0xdadb0d80...
2025-11-06 11:06:31,747 - __main__ - DEBUG - Filtered 6368 trades → 6368 tradeable (100.0% kept)
2025-11-06 11:06:31,747 - __main__ - DEBUG - Grouped 6368 trades into 1 tokens
2025-11-06 11:06:31,749 - __main__ - DEBUG - Token ETH: 1 closed trades
2025-11-06 11:06:31,749 - __main__ - INFO - Total closed trades across all tokens: 1
2025-11-06 11:06:31,749 - __main__ - INFO - 0xdadb0d80...: 1 trades, 0.0% win rate, Sharpe 0.00
2025-11-06 11:06:31,751 - __main__ - INFO - 
============================================================
2025-11-06 11:06:31,751 - __main__ - INFO - Analyzing 0x9430801e... on ethereum
2025-11-06 11:06:31,751 - __main__ - INFO - ============================================================
2025-11-06 11:06:31,751 - __main__ - DEBUG - Fetching transactions for 0x9430801e... (90 days)
2025-11-06 11:06:31,753 - urllib3.connectionpool - DEBUG - Starting new HTTPS connection (1): api.etherscan.io:443
2025-11-06 11:06:33,085 - urllib3.connectionpool - DEBUG - https://api.etherscan.io:443 "GET /v2/api?module=account&action=txlist&address=0x9430801ebaf509ad49202aabc5f5bc6fd8a3daf8&startblock=0&endblock=99999999&sort=desc&apikey=UCS2VM99HUSPWTXIITTBSH4BJ4844SXMIH&chainid=1 HTTP/1.1" 200 None
2025-11-06 11:06:34,774 - __main__ - DEBUG - Parsed 10000 trades for 0x9430801e...
2025-11-06 11:06:34,790 - __main__ - DEBUG - Filtered 10000 trades → 10000 tradeable (100.0% kept)
2025-11-06 11:06:34,791 - __main__ - DEBUG - Grouped 10000 trades into 1 tokens
2025-11-06 11:06:34,792 - __main__ - INFO - Total closed trades across all tokens: 0
2025-11-06 11:06:34,792 - __main__ - WARNING - 0x9430801e...: No closed trades (only open positions)
2025-11-06 11:06:34,795 - __main__ - INFO - 
============================================================
2025-11-06 11:06:34,795 - __main__ - INFO - Analyzing 0x4838b106... on ethereum
2025-11-06 11:06:34,795 - __main__ - INFO - ============================================================
2025-11-06 11:06:34,795 - __main__ - DEBUG - Fetching transactions for 0x4838b106... (90 days)
2025-11-06 11:06:34,797 - urllib3.connectionpool - DEBUG - Starting new HTTPS connection (1): api.etherscan.io:443
2025-11-06 11:06:35,950 - urllib3.connectionpool - DEBUG - https://api.etherscan.io:443 "GET /v2/api?module=account&action=txlist&address=0x4838b106fce9647bdf1e7877bf73ce8b0bad5f97&startblock=0&endblock=99999999&sort=desc&apikey=UCS2VM99HUSPWTXIITTBSH4BJ4844SXMIH&chainid=1 HTTP/1.1" 200 None
2025-11-06 11:06:37,667 - __main__ - DEBUG - Parsed 4434 trades for 0x4838b106...
2025-11-06 11:06:37,677 - __main__ - DEBUG - Filtered 4434 trades → 4434 tradeable (100.0% kept)
2025-11-06 11:06:37,677 - __main__ - DEBUG - Grouped 4434 trades into 1 tokens
2025-11-06 11:06:37,679 - __main__ - DEBUG - Token ETH: 2 closed trades
2025-11-06 11:06:37,679 - __main__ - INFO - Total closed trades across all tokens: 2
2025-11-06 11:06:37,679 - __main__ - INFO - 0x4838b106...: 2 trades, 0.0% win rate, Sharpe -1.76
2025-11-06 11:06:37,681 - __main__ - INFO - 
============================================================
2025-11-06 11:06:37,681 - __main__ - INFO - Analyzing 0xae45a824... on ethereum
2025-11-06 11:06:37,681 - __main__ - INFO - ============================================================
2025-11-06 11:06:37,681 - __main__ - DEBUG - Fetching transactions for 0xae45a824... (90 days)
2025-11-06 11:06:37,683 - urllib3.connectionpool - DEBUG - Starting new HTTPS connection (1): api.etherscan.io:443
2025-11-06 11:06:39,193 - urllib3.connectionpool - DEBUG - https://api.etherscan.io:443 "GET /v2/api?module=account&action=txlist&address=0xae45a8240147e6179ec7c9f92c5a18f9a97b3fca&startblock=0&endblock=99999999&sort=desc&apikey=UCS2VM99HUSPWTXIITTBSH4BJ4844SXMIH&chainid=1 HTTP/1.1" 200 None
2025-11-06 11:06:40,807 - __main__ - DEBUG - Parsed 423 trades for 0xae45a824...
2025-11-06 11:06:40,810 - __main__ - DEBUG - Filtered 423 trades → 423 tradeable (100.0% kept)
2025-11-06 11:06:40,810 - __main__ - DEBUG - Grouped 423 trades into 1 tokens
2025-11-06 11:06:40,811 - __main__ - DEBUG - Token ETH: 422 closed trades
2025-11-06 11:06:40,811 - __main__ - INFO - Total closed trades across all tokens: 422
2025-11-06 11:06:40,812 - __main__ - INFO - 0xae45a824...: 422 trades, 0.0% win rate, Sharpe -2.39
2025-11-06 11:06:40,812 - __main__ - INFO - 
Analyzed 16 / 17 wallets successfully
2025-11-06 11:06:40,812 - __main__ - INFO - 
============================================================
2025-11-06 11:06:40,812 - __main__ - INFO - RANKING WALLETS
2025-11-06 11:06:40,812 - __main__ - INFO - ============================================================
2025-11-06 11:06:40,812 - __main__ - DEBUG - 0x28c6c062...: Win rate 0.0% (need >45%)
2025-11-06 11:06:40,812 - __main__ - DEBUG - 0x56eddb7a...: Win rate 0.0% (need >45%)
2025-11-06 11:06:40,812 - __main__ - DEBUG - 0x21a31ee1...: Win rate 0.0% (need >45%)
2025-11-06 11:06:40,812 - __main__ - DEBUG - 0x9696f59e...: Win rate 0.0% (need >45%)
2025-11-06 11:06:40,812 - __main__ - DEBUG - 0xdfd5293d...: Win rate 0.0% (need >45%)
2025-11-06 11:06:40,812 - __main__ - DEBUG - 0x0d070796...: Win rate 0.0% (need >45%)
2025-11-06 11:06:40,812 - __main__ - DEBUG - 0x46340b20...: Win rate 0.0% (need >45%)
2025-11-06 11:06:40,812 - __main__ - DEBUG - 0x9642b23e...: Win rate 0.0% (need >45%)
2025-11-06 11:06:40,812 - __main__ - DEBUG - 0x1ab4973a...: Win rate 0.0% (need >45%)
2025-11-06 11:06:40,813 - __main__ - DEBUG - 0x974caa59...: Win rate 0.0% (need >45%)
2025-11-06 11:06:40,813 - __main__ - DEBUG - 0xf70da978...: Only 20 trades (need 30)
2025-11-06 11:06:40,813 - __main__ - DEBUG - 0x264bd829...: Win rate 0.0% (need >45%)
2025-11-06 11:06:40,813 - __main__ - DEBUG - 0x5babe600...: Win rate 0.0% (need >45%)
2025-11-06 11:06:40,813 - __main__ - DEBUG - 0xdadb0d80...: Only 1 trades (need 30)
2025-11-06 11:06:40,813 - __main__ - DEBUG - 0x4838b106...: Only 2 trades (need 30)
2025-11-06 11:06:40,813 - __main__ - DEBUG - 0xae45a824...: Win rate 0.0% (need >45%)
2025-11-06 11:06:40,813 - __main__ - INFO - Qualified wallets: 0 / 16
2025-11-06 11:06:40,813 - __main__ - WARNING - No wallets passed filters!
2025-11-06 11:06:40,813 - __main__ - WARNING - No wallets passed filters
