2025-11-06 10:14:57,030 - __main__ - INFO - ============================================================
2025-11-06 10:14:57,030 - __main__ - INFO - Starting Wallet Discovery System
2025-11-06 10:14:57,030 - __main__ - INFO - ============================================================
2025-11-06 10:14:57,031 - __main__ - INFO - Loaded config from config/api_keys.json
2025-11-06 10:14:57,031 - __main__ - INFO - Configuration loaded successfully
2025-11-06 10:14:57,031 - __main__ - INFO - Etherscan client initialized
2025-11-06 10:14:57,031 - __main__ - INFO - BSCScan client initialized
2025-11-06 10:14:57,031 - __main__ - INFO - 
============================================================
2025-11-06 10:14:57,031 - __main__ - INFO - PHASE 1: ETHEREUM
2025-11-06 10:14:57,031 - __main__ - INFO - ============================================================
2025-11-06 10:14:57,031 - __main__ - INFO - Discovering top traders on ethereum...
2025-11-06 10:14:57,035 - urllib3.connectionpool - DEBUG - Starting new HTTPS connection (1): api.etherscan.io:443
2025-11-06 10:14:57,317 - urllib3.connectionpool - DEBUG - https://api.etherscan.io:443 "GET /api?module=proxy&action=eth_blockNumber&apikey=UCS2VM99HUSPWTXIITTBSH4BJ4844SXMIH HTTP/1.1" 200 245
2025-11-06 10:14:57,318 - __main__ - DEBUG - API error: You are using a deprecated V1 endpoint, switch to Etherscan API V2 using https://docs.etherscan.io/v2-migration
2025-11-06 10:14:57,318 - __main__ - ERROR - Failed to get recent blocks: API error: You are using a deprecated V1 endpoint, switch to Etherscan API V2 using https://docs.etherscan.io/v2-migration
2025-11-06 10:14:57,320 - __main__ - ERROR - Failed to get recent blocks
2025-11-06 10:14:57,320 - __main__ - INFO - Processing 0 wallets on ethereum with 5 workers
2025-11-06 10:14:57,320 - __main__ - INFO - Completed: 0 qualified wallets from 0 candidates
2025-11-06 10:14:57,320 - __main__ - INFO - 
============================================================
2025-11-06 10:14:57,320 - __main__ - INFO - PHASE 2: BINANCE SMART CHAIN
2025-11-06 10:14:57,320 - __main__ - INFO - ============================================================
2025-11-06 10:14:57,321 - __main__ - INFO - Discovering top traders on bsc...
2025-11-06 10:14:57,323 - urllib3.connectionpool - DEBUG - Starting new HTTPS connection (1): api.bscscan.com:443
2025-11-06 10:14:57,748 - urllib3.connectionpool - DEBUG - https://api.bscscan.com:443 "GET /api?module=proxy&action=eth_blockNumber&apikey=YOUR_BSCSCAN_API_KEY_HERE HTTP/1.1" 200 245
2025-11-06 10:14:57,748 - __main__ - DEBUG - API error: You are using a deprecated V1 endpoint, switch to Etherscan API V2 using https://docs.etherscan.io/v2-migration
2025-11-06 10:14:57,748 - __main__ - ERROR - Failed to get recent blocks: API error: You are using a deprecated V1 endpoint, switch to Etherscan API V2 using https://docs.etherscan.io/v2-migration
2025-11-06 10:14:57,749 - __main__ - ERROR - Failed to get recent blocks
2025-11-06 10:14:57,749 - __main__ - INFO - Processing 0 wallets on bsc with 5 workers
2025-11-06 10:14:57,750 - __main__ - INFO - Completed: 0 qualified wallets from 0 candidates
2025-11-06 10:14:57,750 - __main__ - INFO - 
============================================================
2025-11-06 10:14:57,750 - __main__ - INFO - EXPORTING RESULTS
2025-11-06 10:14:57,750 - __main__ - INFO - ============================================================
2025-11-06 10:14:57,750 - __main__ - INFO - Exported 0 wallets to discovered_wallets.csv

============================================================
WALLET DISCOVERY COMPLETE
============================================================

Total addresses scanned: 0
  - ethereum: 0 addresses
  - bsc: 0 addresses

Wallets passing filters: 0
  - Ethereum: 0 wallets
  - BSC: 0 wallets

Overall pass rate: 0.00%

Output: discovered_wallets.csv
============================================================

